<html>
<body>
<pre>
<h1>礦ision Build Log</h1>
<h2>Tool Versions:</h2>
IDE-Version: μVision V5.29.0.0
Copyright (C) 2019 ARM Ltd and ARM Germany GmbH. All rights reserved.
License Information: Yan Yimning, wuzhou, LIC=NHY30-B3CKF-04HSQ-NKA5M-6EJBL-VFHCP
 
Tool Versions:
Toolchain:       MDK-ARM Professional  Version: 5.29.0.0
Toolchain Path:  C:\Keil\MDK5\ARM\ARMCC\Bin
C Compiler:      Armcc.exe V5.06 update 6 (build 750)
Assembler:       Armasm.exe V5.06 update 6 (build 750)
Linker/Locator:  ArmLink.exe V5.06 update 6 (build 750)
Library Manager: ArmAr.exe V5.06 update 6 (build 750)
Hex Converter:   FromElf.exe V5.06 update 6 (build 750)
CPU DLL:         SARMCM3.DLL V5.29.0.0
Dialog DLL:      DARMSTM.DLL V1.68.0.0
Target DLL:      STLink\ST-LINKIII-KEIL_SWO.dll V3.0.7.0
Dialog DLL:      TARMSTM.DLL   V1.66.0.0
 
<h2>Project:</h2>
C:\Users\Yimning\Desktop\智能小车\STM32-car-MPU6050-Bluetooth-Ultrasonic\MyCar_demo\USER\Mycar_demo.uvprojx
Project File Date:  08/02/2020

<h2>Output:</h2>
*** Using Compiler 'V5.06 update 6 (build 750)', folder: 'C:\Keil\MDK5\ARM\ARMCC\Bin'
Build target 'Mycar_demo'
compiling stm32f10x_it.c...
compiling system_stm32f10x.c...
compiling motor.c...
compiling main.c...
main.c(112): warning:  #167-D: argument of type "char *" is incompatible with parameter of type "u8 *"
      		   LCD_ShowString(130,120,100,16,16,Dist);
main.c(153): warning:  #167-D: argument of type "char *" is incompatible with parameter of type "u8 *"
      		LCD_ShowString(130,220,100,16,16,Dist);     //显示距离
main.c: 2 warnings, 0 errors
compiling led.c...
compiling servo.c...
compiling bluetooth.c...
compiling lcd.c...
compiling Ultrasonic.c...
compiling inv_mpu.c...
compiling inv_mpu_dmp_motion_driver.c...
compiling mpuiic.c...
compiling mpu6050.c...
assembling startup_stm32f10x_hd.s...
compiling MpuDisplay.c...
compiling core_cm3.c...
compiling misc.c...
compiling stm32f10x_adc.c...
compiling stm32f10x_bkp.c...
compiling stm32f10x_can.c...
compiling stm32f10x_crc.c...
compiling stm32f10x_cec.c...
compiling stm32f10x_dac.c...
compiling stm32f10x_dbgmcu.c...
compiling stm32f10x_dma.c...
compiling stm32f10x_exti.c...
compiling stm32f10x_flash.c...
compiling stm32f10x_fsmc.c...
compiling stm32f10x_gpio.c...
compiling stm32f10x_i2c.c...
compiling stm32f10x_iwdg.c...
compiling stm32f10x_pwr.c...
compiling stm32f10x_rcc.c...
compiling stm32f10x_rtc.c...
compiling stm32f10x_spi.c...
compiling stm32f10x_sdio.c...
compiling stm32f10x_usart.c...
compiling stm32f10x_tim.c...
compiling delay.c...
compiling stm32f10x_wwdg.c...
compiling usart.c...
compiling sys.c...
linking...
Program Size: Code=46262 RO-data=10114 RW-data=172 ZI-data=1876  
FromELF: creating hex file...
"..\OBJ\demo.axf" - 0 Error(s), 2 Warning(s).

<h2>Software Packages used:</h2>

Package Vendor: Keil
                http://www.keil.com/pack/Keil.STM32F1xx_DFP.1.1.0.pack
                Keil.STM32F1xx_DFP.1.1.0
                STMicroelectronics STM32F1 Series Device Support, Drivers and Examples

<h2>Collection of Component include folders:</h2>
  .\RTE\_Mycar_demo
  C:\Keil\MDK5\Packs\Keil\STM32F1xx_DFP\1.1.0\Device\Include

<h2>Collection of Component Files used:</h2>
Build Time Elapsed:  00:01:12
</pre>
</body>
</html>
